OXO Game Server Started: 2026-06-13 18:14:45.685860
*** OXO GAME SERVER STARTED ***
Waiting for client connections.
Connected Client 0: ('127.0.0.1', 49981)
Connected Client 1: ('127.0.0.1', 49982)
Sent Message Client 0: new game,O
Sent Message Client 1: new game,X
Sent Message Client 0: your move
Sent Message Client 1: opponents move
Received Message Client 0: 4
Sent Message Client 0: valid move,O,4
Sent Message Client 1: valid move,O,4
Sent Message Client 1: your move
Sent Message Client 0: opponents move
Received Message Client 1: 7
Sent Message Client 1: valid move,X,7
Sent Message Client 0: valid move,X,7
Sent Message Client 0: your move
Sent Message Client 1: opponents move
Received Message Client 0: 8
Sent Message Client 0: valid move,O,8
Sent Message Client 1: valid move,O,8
Sent Message Client 1: your move
Sent Message Client 0: opponents move
Received Message Client 1: 0
Sent Message Client 1: valid move,X,0
Sent Message Client 0: valid move,X,0
Sent Message Client 0: your move
Sent Message Client 1: opponents move
Received Message Client 0: 5
Sent Message Client 0: valid move,O,5
Sent Message Client 1: valid move,O,5
Sent Message Client 1: your move
Sent Message Client 0: opponents move
Received Message Client 1: 2
Sent Message Client 1: valid move,X,2
Sent Message Client 0: valid move,X,2
Sent Message Client 0: your move
Sent Message Client 1: opponents move
Received Message Client 0: 1
Sent Message Client 0: valid move,O,1
Sent Message Client 1: valid move,O,1
Sent Message Client 1: your move
Sent Message Client 0: opponents move
Received Message Client 1: 3
Sent Message Client 1: valid move,X,3
Sent Message Client 0: valid move,X,3
Sent Message Client 0: your move
Sent Message Client 1: opponents move
Received Message Client 0: 6
Sent Message Client 0: valid move,O,6
Sent Message Client 1: valid move,O,6
Sent Message Client 1: game over,T
Sent Message Client 0: game over,T
Sent Message Client 1: play again
Sent Message Client 0: play again
Received Message Client 1: y
Received Message Client 0: n
Sent Message Client 1: exit game
Sent Message Client 0: exit game
Closed Client 0: ('127.0.0.1', 49981)
Closed Client 1: ('127.0.0.1', 49982)
*** OXO GAME SERVER STARTED ***
Waiting for client connections.
